---
source: crates/move-compiler/tests/move_check_testsuite.rs
info:
  flavor: mys
  edition: legacy
  lint: false
---
error[Mys E01001]: invalid object construction
   ┌─ tests/mys_mode/id_leak/indirect_leak_through_call.move:15:18
   │
15 │         transfer(Foo { id });
   │                  ^^^^^^^^^^
   │                  │     │
   │                  │     The UID must come directly from mys::object::new. Or for tests, it can come from mys::test_scenario::new_object
   │                  Invalid object creation without a newly created UID.
