---
source: crates/mys-swarm-config/tests/snapshot_tests.rs
expression: genesis.mys_system_object().into_genesis_version_for_tooling()
---
epoch: 0
protocol_version: 74
system_state_version: 1
validators:
  total_stake: 1000000000000000
  active_validators:
    - metadata:
        mys_address: "0x60307f36c284875bf298d4d85a673046648b1ac4b47e712e42ab10d57dd77a26"
        protocol_pubkey_bytes:
          - 153
          - 242
          - 94
          - 246
          - 31
          - 128
          - 50
          - 185
          - 20
          - 99
          - 100
          - 96
          - 152
          - 44
          - 92
          - 198
          - 241
          - 52
          - 239
          - 29
          - 218
          - 231
          - 102
          - 87
          - 242
          - 203
          - 254
          - 193
          - 235
          - 252
          - 141
          - 9
          - 115
          - 116
          - 8
          - 13
          - 246
          - 252
          - 240
          - 220
          - 184
          - 188
          - 75
          - 13
          - 142
          - 10
          - 245
          - 216
          - 14
          - 187
          - 255
          - 43
          - 76
          - 89
          - 159
          - 84
          - 244
          - 45
          - 99
          - 18
          - 223
          - 195
          - 20
          - 39
          - 96
          - 120
          - 193
          - 204
          - 52
          - 126
          - 187
          - 190
          - 197
          - 25
          - 139
          - 226
          - 88
          - 81
          - 63
          - 56
          - 107
          - 147
          - 13
          - 2
          - 194
          - 116
          - 154
          - 128
          - 62
          - 35
          - 48
          - 149
          - 94
          - 189
          - 26
          - 16
        network_pubkey_bytes:
          - 148
          - 228
          - 168
          - 73
          - 49
          - 68
          - 233
          - 230
          - 150
          - 32
          - 140
          - 190
          - 208
          - 2
          - 89
          - 230
          - 221
          - 181
          - 111
          - 151
          - 155
          - 145
          - 195
          - 41
          - 103
          - 86
          - 9
          - 133
          - 190
          - 97
          - 144
          - 155
        worker_pubkey_bytes:
          - 31
          - 42
          - 121
          - 1
          - 168
          - 66
          - 228
          - 211
          - 98
          - 59
          - 198
          - 28
          - 225
          - 193
          - 113
          - 125
          - 46
          - 118
          - 142
          - 15
          - 215
          - 45
          - 248
          - 52
          - 26
          - 245
          - 102
          - 21
          - 185
          - 22
          - 240
          - 56
        proof_of_possession_bytes:
          - 151
          - 191
          - 31
          - 245
          - 62
          - 131
          - 184
          - 23
          - 162
          - 33
          - 124
          - 71
          - 229
          - 10
          - 56
          - 179
          - 47
          - 67
          - 223
          - 65
          - 196
          - 125
          - 67
          - 111
          - 55
          - 104
          - 114
          - 157
          - 166
          - 146
          - 6
          - 104
          - 90
          - 214
          - 33
          - 36
          - 63
          - 93
          - 228
          - 221
          - 166
          - 7
          - 164
          - 61
          - 169
          - 219
          - 78
          - 19
        name: "0"
        description: ""
        image_url: ""
        project_url: ""
        net_address: /ip4/127.0.0.1/tcp/80
        p2p_address: /ip4/127.0.0.1/udp/80
        primary_address: /ip4/127.0.0.1/udp/80
        worker_address: /ip4/127.0.0.1/udp/80
        next_epoch_protocol_pubkey_bytes: ~
        next_epoch_proof_of_possession: ~
        next_epoch_network_pubkey_bytes: ~
        next_epoch_worker_pubkey_bytes: ~
        next_epoch_net_address: ~
        next_epoch_p2p_address: ~
        next_epoch_primary_address: ~
        next_epoch_worker_address: ~
        extra_fields:
          id:
            id: "0x4d76dbad43579c71873c3ed7fe4da62dc13afb51dbef853f4c11112cd76457bf"
          size: 0
      voting_power: 10000
      operation_cap_id: "0x0d2ca932fe081caba214e34493719c63017de374e858e40ef135d1021a37bd01"
      gas_price: 1000
      staking_pool:
        id: "0xcd28cdd6fb21ab62a588056b9fbf6496b39c9bed217598bd75ce95eb67132be3"
        activation_epoch: 0
        deactivation_epoch: ~
        mys_balance: 1000000000000000
        rewards_pool:
          value: 0
        pool_token_balance: 1000000000000000
        exchange_rates:
          id: "0x7b4fbf7e7cdd6bdf995a36d3ccf0d1f40dbad263e3feefcd9be8edf3e57bb584"
          size: 1
        pending_stake: 0
        pending_total_mys_withdraw: 0
        pending_pool_token_withdraw: 0
        extra_fields:
          id:
            id: "0xa290c5a3d34e931aca84a25733413e863c00de9fcdb574236cd1ff5006881d8c"
          size: 0
      commission_rate: 200
      next_epoch_stake: 1000000000000000
      next_epoch_gas_price: 1000
      next_epoch_commission_rate: 200
      extra_fields:
        id:
          id: "0xfec43e6781c3637a8a4fa9c2a9e29012d493d81c974d214c7bb0be80c3877f11"
        size: 0
  pending_active_validators:
    contents:
      id: "0x62a4479a853bcc42f0e2e11e92a1d9e6cc16ffc4930c2ee0622905abc0fad1bf"
      size: 0
  pending_removals: []
  staking_pool_mappings:
    id: "0x5e3c76e3cbf2aeffef9176f1974788ecdbb9de2136d197e4da14d0f3423657d0"
    size: 1
  inactive_validators:
    id: "0xad8ebfc5087b85f4f53525a17acbb65db831efced1fc8e8f8feb0af392f1beb8"
    size: 0
  validator_candidates:
    id: "0x9c6b2aacb4d2cf6cb2aaad6dfea3c4b6381211830bc80fe3cee8de9e67ca4082"
    size: 0
  at_risk_validators:
    contents: []
  extra_fields:
    id:
      id: "0xb5c349e583e7491b65566ac7af20fee89fa1c3746c842c2cb344741662c909f5"
    size: 0
storage_fund:
  total_object_storage_rebates:
    value: 0
  non_refundable_balance:
    value: 0
parameters:
  epoch_duration_ms: 86400000
  stake_subsidy_start_epoch: 0
  max_validator_count: 150
  min_validator_joining_stake: 1500000000000000
  validator_low_stake_threshold: 1000000000000000
  validator_very_low_stake_threshold: 500000000000000
  validator_low_stake_grace_period: 7
  extra_fields:
    id:
      id: "0xfa2b7d273e24b8be4568a21b5349d5143e5503727039a252fdfdeb5968edcddf"
    size: 0
reference_gas_price: 1000
validator_report_records:
  contents: []
stake_subsidy:
  balance:
    value: 996500000000000000
  distribution_counter: 0
  current_distribution_amount: 1000000000000000
  stake_subsidy_period_length: 10
  stake_subsidy_decrease_rate: 1000
  extra_fields:
    id:
      id: "0x839d5c620729664cd393da00ba05df21ab6d8aa798bfa6b1cd47e2d3727aa6e4"
    size: 0
safe_mode: false
safe_mode_storage_rewards:
  value: 0
safe_mode_computation_rewards:
  value: 0
safe_mode_storage_rebates: 0
safe_mode_non_refundable_storage_fee: 0
epoch_start_timestamp_ms: 10
extra_fields:
  id:
    id: "0xcd8d550427bef54b6720adef0ffb18b4b1e6cc0aa9b37d2a018dfb634f28f1e0"
  size: 0
