---
source: crates/mys-swarm-config/tests/snapshot_tests.rs
expression: genesis.mys_system_object().into_genesis_version_for_tooling()
---
epoch: 0
protocol_version: 74
system_state_version: 1
validators:
  total_stake: 200000000000000
  active_validators:
    - metadata:
        mys_address: "0x60307f36c284875bf298d4d85a673046648b1ac4b47e712e42ab10d57dd77a26"
        protocol_pubkey_bytes:
          - 153
          - 242
          - 94
          - 246
          - 31
          - 128
          - 50
          - 185
          - 20
          - 99
          - 100
          - 96
          - 152
          - 44
          - 92
          - 198
          - 241
          - 52
          - 239
          - 29
          - 218
          - 231
          - 102
          - 87
          - 242
          - 203
          - 254
          - 193
          - 235
          - 252
          - 141
          - 9
          - 115
          - 116
          - 8
          - 13
          - 246
          - 252
          - 240
          - 220
          - 184
          - 188
          - 75
          - 13
          - 142
          - 10
          - 245
          - 216
          - 14
          - 187
          - 255
          - 43
          - 76
          - 89
          - 159
          - 84
          - 244
          - 45
          - 99
          - 18
          - 223
          - 195
          - 20
          - 39
          - 96
          - 120
          - 193
          - 204
          - 52
          - 126
          - 187
          - 190
          - 197
          - 25
          - 139
          - 226
          - 88
          - 81
          - 63
          - 56
          - 107
          - 147
          - 13
          - 2
          - 194
          - 116
          - 154
          - 128
          - 62
          - 35
          - 48
          - 149
          - 94
          - 189
          - 26
          - 16
        network_pubkey_bytes:
          - 148
          - 228
          - 168
          - 73
          - 49
          - 68
          - 233
          - 230
          - 150
          - 32
          - 140
          - 190
          - 208
          - 2
          - 89
          - 230
          - 221
          - 181
          - 111
          - 151
          - 155
          - 145
          - 195
          - 41
          - 103
          - 86
          - 9
          - 133
          - 190
          - 97
          - 144
          - 155
        worker_pubkey_bytes:
          - 31
          - 42
          - 121
          - 1
          - 168
          - 66
          - 228
          - 211
          - 98
          - 59
          - 198
          - 28
          - 225
          - 193
          - 113
          - 125
          - 46
          - 118
          - 142
          - 15
          - 215
          - 45
          - 248
          - 52
          - 26
          - 245
          - 102
          - 21
          - 185
          - 22
          - 240
          - 56
        proof_of_possession_bytes:
          - 151
          - 191
          - 31
          - 245
          - 62
          - 131
          - 184
          - 23
          - 162
          - 33
          - 124
          - 71
          - 229
          - 10
          - 56
          - 179
          - 47
          - 67
          - 223
          - 65
          - 196
          - 125
          - 67
          - 111
          - 55
          - 104
          - 114
          - 157
          - 166
          - 146
          - 6
          - 104
          - 90
          - 214
          - 33
          - 36
          - 63
          - 93
          - 228
          - 221
          - 166
          - 7
          - 164
          - 61
          - 169
          - 219
          - 78
          - 19
        name: "0"
        description: ""
        image_url: ""
        project_url: ""
        net_address: /ip4/127.0.0.1/tcp/80
        p2p_address: /ip4/127.0.0.1/udp/80
        primary_address: /ip4/127.0.0.1/udp/80
        worker_address: /ip4/127.0.0.1/udp/80
        next_epoch_protocol_pubkey_bytes: ~
        next_epoch_proof_of_possession: ~
        next_epoch_network_pubkey_bytes: ~
        next_epoch_worker_pubkey_bytes: ~
        next_epoch_net_address: ~
        next_epoch_p2p_address: ~
        next_epoch_primary_address: ~
        next_epoch_worker_address: ~
        extra_fields:
          id:
            id: "0x46ccc53abc280c7aea6142f79093cb561a476705df8c84cfe8c30cc27ef25962"
          size: 0
      voting_power: 10000
      operation_cap_id: "0x72abfee4b420593189f0205a455cfb18891c07c890d4a1276c20e8d99686b48b"
      gas_price: 1000
      staking_pool:
        id: "0x97d30c28602e088e7349a9d58da137aeb27ce0037ae77526747dfb615b934083"
        activation_epoch: 0
        deactivation_epoch: ~
        mys_balance: 200000000000000
        rewards_pool:
          value: 0
        pool_token_balance: 200000000000000
        exchange_rates:
          id: "0x8e21d42578be12d1f6ea60e37810145bd37ab3984dd75564ae4cc88be1654fa7"
          size: 1
        pending_stake: 0
        pending_total_mys_withdraw: 0
        pending_pool_token_withdraw: 0
        extra_fields:
          id:
            id: "0xa5b86d7c4cb7287317a4421dcdda3d789acc5dcf8f6fc7e1eef740c209e4dc6b"
          size: 0
      commission_rate: 200
      next_epoch_stake: 200000000000000
      next_epoch_gas_price: 1000
      next_epoch_commission_rate: 200
      extra_fields:
        id:
          id: "0x221bbf0297c8715ce8435730fde2d0d19e6fd5f06890a7693bee9c7bf1cc3eb0"
        size: 0
  pending_active_validators:
    contents:
      id: "0x5f63c233cf060bdd7698725107c4abd3bad34b3c8533b93ce3689410754a22c6"
      size: 0
  pending_removals: []
  staking_pool_mappings:
    id: "0xe352c6c4f50e520efb9dd0fe4c764586ae301486b547047502df3ef9311bea65"
    size: 1
  inactive_validators:
    id: "0xf159c3319af6d258ea236bc759c879edff2e14862edd90a41bf144414cc75c70"
    size: 0
  validator_candidates:
    id: "0x023037249b6f4d06a9b97e3382b319035caa3a404f56b6a5d70d737808c8b31d"
    size: 0
  at_risk_validators:
    contents: []
  extra_fields:
    id:
      id: "0x92694da3cf84acf3ae943a1237506e886b27d2d5cdbd1994262986920f102bdb"
    size: 0
storage_fund:
  total_object_storage_rebates:
    value: 0
  non_refundable_balance:
    value: 0
parameters:
  epoch_duration_ms: 86400000
  stake_subsidy_start_epoch: 0
  max_validator_count: 150
  min_validator_joining_stake: 250000000000000
  validator_low_stake_threshold: 200000000000000
  validator_very_low_stake_threshold: 100000000000000
  validator_low_stake_grace_period: 7
  extra_fields:
    id:
      id: "0x7e4648e36dca4a0b78dbcaf74fbc59fc2e891b5e9a36b91a95c33c85f8955f20"
    size: 0
reference_gas_price: 1000
validator_report_records:
  contents: []
stake_subsidy:
  balance:
    value: 997300000000000000
  distribution_counter: 0
  current_distribution_amount: 1000000000000000
  stake_subsidy_period_length: 10
  stake_subsidy_decrease_rate: 1000
  extra_fields:
    id:
      id: "0xa579f0569268ba8e5320def22800902bb08d3ec35eb60d1feeb49f99a6af8f66"
    size: 0
safe_mode: false
safe_mode_storage_rewards:
  value: 0
safe_mode_computation_rewards:
  value: 0
safe_mode_storage_rebates: 0
safe_mode_non_refundable_storage_fee: 0
epoch_start_timestamp_ms: 10
extra_fields:
  id:
    id: "0xa0b81eaa18069b5640b8b0781cd08859befb1e544748b485e610fd07c0d16f4a"
  size: 0
