---
source: crates/mys-swarm-config/tests/snapshot_tests.rs
expression: genesis.mys_system_object().into_genesis_version_for_tooling()
---
epoch: 0
protocol_version: 75
system_state_version: 1
validators:
  total_stake: 200000000000000
  active_validators:
    - metadata:
        mys_address: "0x60307f36c284875bf298d4d85a673046648b1ac4b47e712e42ab10d57dd77a26"
        protocol_pubkey_bytes:
          - 153
          - 242
          - 94
          - 246
          - 31
          - 128
          - 50
          - 185
          - 20
          - 99
          - 100
          - 96
          - 152
          - 44
          - 92
          - 198
          - 241
          - 52
          - 239
          - 29
          - 218
          - 231
          - 102
          - 87
          - 242
          - 203
          - 254
          - 193
          - 235
          - 252
          - 141
          - 9
          - 115
          - 116
          - 8
          - 13
          - 246
          - 252
          - 240
          - 220
          - 184
          - 188
          - 75
          - 13
          - 142
          - 10
          - 245
          - 216
          - 14
          - 187
          - 255
          - 43
          - 76
          - 89
          - 159
          - 84
          - 244
          - 45
          - 99
          - 18
          - 223
          - 195
          - 20
          - 39
          - 96
          - 120
          - 193
          - 204
          - 52
          - 126
          - 187
          - 190
          - 197
          - 25
          - 139
          - 226
          - 88
          - 81
          - 63
          - 56
          - 107
          - 147
          - 13
          - 2
          - 194
          - 116
          - 154
          - 128
          - 62
          - 35
          - 48
          - 149
          - 94
          - 189
          - 26
          - 16
        network_pubkey_bytes:
          - 148
          - 228
          - 168
          - 73
          - 49
          - 68
          - 233
          - 230
          - 150
          - 32
          - 140
          - 190
          - 208
          - 2
          - 89
          - 230
          - 221
          - 181
          - 111
          - 151
          - 155
          - 145
          - 195
          - 41
          - 103
          - 86
          - 9
          - 133
          - 190
          - 97
          - 144
          - 155
        worker_pubkey_bytes:
          - 31
          - 42
          - 121
          - 1
          - 168
          - 66
          - 228
          - 211
          - 98
          - 59
          - 198
          - 28
          - 225
          - 193
          - 113
          - 125
          - 46
          - 118
          - 142
          - 15
          - 215
          - 45
          - 248
          - 52
          - 26
          - 245
          - 102
          - 21
          - 185
          - 22
          - 240
          - 56
        proof_of_possession_bytes:
          - 151
          - 191
          - 31
          - 245
          - 62
          - 131
          - 184
          - 23
          - 162
          - 33
          - 124
          - 71
          - 229
          - 10
          - 56
          - 179
          - 47
          - 67
          - 223
          - 65
          - 196
          - 125
          - 67
          - 111
          - 55
          - 104
          - 114
          - 157
          - 166
          - 146
          - 6
          - 104
          - 90
          - 214
          - 33
          - 36
          - 63
          - 93
          - 228
          - 221
          - 166
          - 7
          - 164
          - 61
          - 169
          - 219
          - 78
          - 19
        name: "0"
        description: ""
        image_url: ""
        project_url: ""
        net_address: /ip4/127.0.0.1/tcp/80
        p2p_address: /ip4/127.0.0.1/udp/80
        primary_address: /ip4/127.0.0.1/udp/80
        worker_address: /ip4/127.0.0.1/udp/80
        next_epoch_protocol_pubkey_bytes: ~
        next_epoch_proof_of_possession: ~
        next_epoch_network_pubkey_bytes: ~
        next_epoch_worker_pubkey_bytes: ~
        next_epoch_net_address: ~
        next_epoch_p2p_address: ~
        next_epoch_primary_address: ~
        next_epoch_worker_address: ~
        extra_fields:
          id:
            id: "0xcda2bf6854f61890749db23ebcbf769c8f77fa432af67aa880f86058b92af2dd"
          size: 0
      voting_power: 10000
      operation_cap_id: "0xcf73c6809db39bbe749cb9438900c2ec90ab1439e59e0c27566ba89614832caa"
      gas_price: 1000
      staking_pool:
        id: "0x657938610997a194a1f8954b742d809afc48f75ffd1f4bb2eb9364ca7720af8d"
        activation_epoch: 0
        deactivation_epoch: ~
        mys_balance: 200000000000000
        rewards_pool:
          value: 0
        pool_token_balance: 200000000000000
        exchange_rates:
          id: "0x13fb5099a2d79751b47ce4df45cbf0731dab3a64a285634f5094adcb851c6dc6"
          size: 1
        pending_stake: 0
        pending_total_mys_withdraw: 0
        pending_pool_token_withdraw: 0
        extra_fields:
          id:
            id: "0xc720a4655d01817f9cbdc098c937857d17d4cf0102a7f50baf3d1637aebe46b9"
          size: 0
      commission_rate: 200
      next_epoch_stake: 200000000000000
      next_epoch_gas_price: 1000
      next_epoch_commission_rate: 200
      extra_fields:
        id:
          id: "0x084e932ac4036c9cd579bb6302a7fc4ec0e04b8feee422ec4ce7f1139fb0b853"
        size: 0
  pending_active_validators:
    contents:
      id: "0xf0cee5bf8dc8ecf415f2e56f67678c3ba5fb446327ddb3a016651c2daaf67db4"
      size: 0
  pending_removals: []
  staking_pool_mappings:
    id: "0x2a88e31e87d292a1752b1445640c1447d67840c30cae4fb02ab57708a5725957"
    size: 1
  inactive_validators:
    id: "0x058cebcb03c2c7f726f6a28c80c0bcb6cf306ece723f03e0001239844685f251"
    size: 0
  validator_candidates:
    id: "0x5068c67d3fb74600e706882f96e01a2334d6b40ad9d8469f3bd79154c9c190b8"
    size: 0
  at_risk_validators:
    contents: []
  extra_fields:
    id:
      id: "0x619b0adc93975829a2381d07628230cace454239b84e9a32eab180079a355c4e"
    size: 0
storage_fund:
  total_object_storage_rebates:
    value: 0
  non_refundable_balance:
    value: 0
parameters:
  epoch_duration_ms: 86400000
  stake_subsidy_start_epoch: 0
  max_validator_count: 150
  min_validator_joining_stake: 250000000000000
  validator_low_stake_threshold: 200000000000000
  validator_very_low_stake_threshold: 100000000000000
  validator_low_stake_grace_period: 7
  extra_fields:
    id:
      id: "0x0ebc4efe5ee3cd6120d77b30c5ce73fd51e50dadda9070bd6c80e6f89460d070"
    size: 0
reference_gas_price: 1000
validator_report_records:
  contents: []
stake_subsidy:
  balance:
    value: 997300000000000000
  distribution_counter: 0
  current_distribution_amount: 1000000000000000
  stake_subsidy_period_length: 10
  stake_subsidy_decrease_rate: 1000
  extra_fields:
    id:
      id: "0xecd75414565e45ca254a0df0be595cba4d4c9fcb3103e082269ca115e1a6c932"
    size: 0
safe_mode: false
safe_mode_storage_rewards:
  value: 0
safe_mode_computation_rewards:
  value: 0
safe_mode_storage_rebates: 0
safe_mode_non_refundable_storage_fee: 0
epoch_start_timestamp_ms: 10
extra_fields:
  id:
    id: "0xdb9ed0f4dcd2e4f1dd71da240848238f32e104ee08bc1de36ec9189e13c039c5"
  size: 0
